// Jest Snapshot v1, https://goo.gl/fbAQLP

exports[`Main.vue matches snapshot when data is received 1`] = `"<div class=\\"Main\\"><header-stub></header-stub><div><tree-chart-stub></tree-chart-stub></div></div>"`;

exports[`Main.vue matches snapshot when theres no data 1`] = `"<div class=\\"Main\\"><header-stub></header-stub><div>Loading...</div></div>"`;
